 running on   12 total cores
 distrk:  each k-point on   12 cores,    1 groups
 distr:  one band on    1 cores,   12 groups
 using from now: INCAR     
 vasp.5.4.4.18Apr17-6-g9f103f2a35 (build Feb 29 2024 09:05:03) complex          
  
 POSCAR found type information on POSCAR  N  O 
 POSCAR found :  2 types and       2 ions
 scaLAPACK will be used

 ----------------------------------------------------------------------------- 
|                                                                             |
|           W    W    AA    RRRRR   N    N  II  N    N   GGGG   !!!           |
|           W    W   A  A   R    R  NN   N  II  NN   N  G    G  !!!           |
|           W    W  A    A  R    R  N N  N  II  N N  N  G       !!!           |
|           W WW W  AAAAAA  RRRRR   N  N N  II  N  N N  G  GGG   !            |
|           WW  WW  A    A  R   R   N   NN  II  N   NN  G    G                |
|           W    W  A    A  R    R  N    N  II  N    N   GGGG   !!!           |
|                                                                             |
|      For optimal performance we recommend to set                            |
|        NCORE= 4 - approx SQRT( number of cores)                             |
|      NCORE specifies how many cores store one orbital (NPAR=cpu/NCORE).     |
|      This setting can  greatly improve the performance of VASP for DFT.     |
|      The default,   NCORE=1            might be grossly inefficient         |
|      on modern multi-core architectures or massively parallel machines.     |
|      Do your own testing !!!!                                               |
|      Unfortunately you need to use the default for GW and RPA calculations. |
|      (for HF NCORE is supported but not extensively tested yet)             |
|                                                                             |
 ----------------------------------------------------------------------------- 


 ----------------------------------------------------------------------------- 
|                                                                             |
|  ADVICE TO THIS USER RUNNING 'VASP/VAMP'   (HEAR YOUR MASTER'S VOICE ...):  |
|                                                                             |
|      You have a (more or less) 'small supercell' and for smaller cells      |
|      it is recommended  to use the reciprocal-space projection scheme!      |
|      The real space optimization is not  efficient for small cells and it   |
|      is also less accurate ...                                              |
|      Therefore set LREAL=.FALSE. in the  INCAR file                         |
|                                                                             |
 ----------------------------------------------------------------------------- 

 LDA part: xc-table for Pade appr. of Perdew

 ----------------------------------------------------------------------------- 
|                                                                             |
|           W    W    AA    RRRRR   N    N  II  N    N   GGGG   !!!           |
|           W    W   A  A   R    R  NN   N  II  NN   N  G    G  !!!           |
|           W    W  A    A  R    R  N N  N  II  N N  N  G       !!!           |
|           W WW W  AAAAAA  RRRRR   N  N N  II  N  N N  G  GGG   !            |
|           WW  WW  A    A  R   R   N   NN  II  N   NN  G    G                |
|           W    W  A    A  R    R  N    N  II  N    N   GGGG   !!!           |
|                                                                             |
|      The number of bands has been changed from the values supplied          |
|      in the INCAR file. This is a result of running the parallel version.   |
|      The orbitals not found in the WAVECAR file will be initialized with    |
|      random numbers, which is usually adequate. For correlated              |
|      calculations, however, you should redo the groundstate calculation.    |
|      I found NBANDS    =       20  now  NBANDS  =      24                   |
|                                                                             |
 ----------------------------------------------------------------------------- 

 POSCAR, INCAR and KPOINTS ok, starting setup
 FFT: planning ...
 WAVECAR not read
 WARNING: random wavefunctions but no delay for mixing, default for NELMDL
 entering main loop
       N       E                     dE             d eps       ncg     rms          rms(c)
DAV:   1     0.554716380286E+02    0.55472E+02   -0.61949E+03   192   0.951E+02
DAV:   2    -0.814533690672E+01   -0.63617E+02   -0.59461E+02   276   0.240E+02
DAV:   3    -0.104519543077E+02   -0.23066E+01   -0.23034E+01   216   0.449E+01
DAV:   4    -0.104627337144E+02   -0.10779E-01   -0.10779E-01   240   0.333E+00
DAV:   5    -0.104628103250E+02   -0.76611E-04   -0.76611E-04   204   0.240E-01    0.121E+01
RMM:   6    -0.115193333493E+02   -0.10565E+01   -0.12080E+00   192   0.946E+00    0.424E+00
RMM:   7    -0.116633817934E+02   -0.14405E+00   -0.17397E-01   192   0.365E+00    0.159E+00
RMM:   8    -0.116448326076E+02    0.18549E-01   -0.33220E-02   192   0.151E+00    0.683E-01
RMM:   9    -0.116448283307E+02    0.42769E-05   -0.69920E-03   192   0.773E-01    0.240E-01
RMM:  10    -0.116448397110E+02   -0.11380E-04   -0.47136E-03   192   0.704E-01    0.186E-01
RMM:  11    -0.116449633161E+02   -0.12361E-03   -0.51601E-03   192   0.738E-01    0.133E-01
RMM:  12    -0.116449253401E+02    0.37976E-04   -0.30242E-03   192   0.549E-01    0.721E-02
RMM:  13    -0.116449591146E+02   -0.33774E-04   -0.10189E-03   192   0.328E-01    0.626E-02
RMM:  14    -0.116449059503E+02    0.53164E-04   -0.57500E-04   192   0.242E-01    0.265E-02
RMM:  15    -0.116449051451E+02    0.80523E-06   -0.96201E-04   192   0.314E-01    0.252E-02
RMM:  16    -0.116449281282E+02   -0.22983E-04   -0.39889E-04   192   0.206E-01    0.154E-02
RMM:  17    -0.116449421788E+02   -0.14051E-04   -0.16445E-04   192   0.131E-01    0.731E-03
RMM:  18    -0.116449524312E+02   -0.10252E-04   -0.92630E-05   192   0.102E-01    0.829E-03
RMM:  19    -0.116449578066E+02   -0.53754E-05   -0.89120E-05   192   0.990E-02    0.583E-03
RMM:  20    -0.116449593571E+02   -0.15505E-05   -0.35131E-05   192   0.625E-02    0.299E-03
RMM:  21    -0.116449646357E+02   -0.52786E-05   -0.15946E-05   192   0.431E-02    0.242E-03
RMM:  22    -0.116449652894E+02   -0.65371E-06   -0.94546E-06   192   0.320E-02
   1 F= -.11644965E+02 E0= -.11645932E+02  d E =-.116450E+02  mag=     0.5771     0.5771     0.5777
 curvature:   0.00 expect dE= 0.000E+00 dE for cont linesearch  0.000E+00
 trial: gam= 0.00000 g(F)=  0.306E-05 g(S)=  0.000E+00 ort = 0.000E+00 (trialstep = 0.100E+01)
 search vector abs. value=  0.306E-05
 reached required accuracy - stopping structural energy minimisation
