Siesta Version  : master-post-4.1-266
Architecture    : skylake_linux_ubuntu18.04
Compiler version: GNU Fortran (Ubuntu 7.5.0-3ubuntu1~18.04) 7.5.0
Compiler flags  : /home/pfebrer/Simulations/spack/opt/spack/linux-ubuntu18.04-skylake/gcc-7.5.00/openmpi-4.0.5-wqxylfculaq4zbitho46ywlt74epyfk2/bin/mpif90 -fPIC
PP flags        : -DF2003  -DCDF  -DNCDF -DNCDF_4 -DSIESTA__FLOOK  -DMPI -DMPI_TIMING
Libraries       :  libncdf.a libfdict.a libfdict.a  -L/home/pfebrer/Simulations/spack/opt/spackk/linux-ubuntu18.04-skylake/gcc-7.5.0/netcdf-fortran-4.5.3-rx2cy5fbswt353gjtjpja5fholdoqgl6/lib -lnetcdff -L/home/pfebrer/Simulations/spack/opt/spack/linux-ubuntu18.04-skylake/gcc-7.5.0/netcdf-c-4.7.4-moj554ohus5rr4aggjvinqh2viqx4d7z/lib -lnetcdf -L/home/pfebrer/Simulations/spack/opt/spack/linux-ubuntu18.04-skylake/gcc-7.5.0/hdf5-1.10.7-mqe2bxb4rfppnn55enqsjo4wxqytqdg5/lib -lhdf5 -lhdf5_hl -lhdf5_fortran -L/home/pfebrer/Simulations/spack/opt/spack/linux-ubuntu18.04-skylake/gcc-7.5.0/curl-7.74.0-7lypr2xrlpkboumcq3vsmhirfyh2qt7j/lib -lcurl -L/home/pfebrer/Simulations/spack/opt/spack/linux-ubuntu18.04-skylake/gcc-7.5.0/zlib-1.2.11-fz2bs562jhc2spgubs3fvq25g3qymz6x/lib -lz -L/home/pfebrer/Simulations/spack/opt/spack/linux-ubuntu18.04-skylake/gcc-7.5.0/flook-0.8.1-orfoipbsudbaahgtbwufhgrr5g5d7iu2/lib -lflookall -ldl -L/home/pfebrer/Simulations/spack/opt/spack/linux-ubuntu18.04-skylake/gcc-7.5.0/netlib-scalapack-2.1.0-kjth3i2w65wkhya2ob2jp6uhihpfw2b3/lib -lscalapack -L/home/pfebrer/Simulations/spack/opt/spack/linux-ubuntu18.04-skylake/gcc-7.5.0/openblas-0.3.13-rdcfnb5vanisjm5jwfymqnubvalw2p7g/lib -lopenblas
Directory       : /home/pfebrer/Simulations/test/voronoi
PARALLEL version
NetCDF support
NetCDF-4 support
Lua support

* Running on 6 nodes in parallel
>> Start of run:  18-FEB-2021  10:28:49

                           ***********************       
                           *  WELCOME TO SIESTA  *       
                           ***********************       

reinit: Reading from standard input
reinit: Dumped input in INPUT_TMP.28984
************************** Dump of input data file ****************************
LatticeConstant 1.0 Ang
%block LatticeVectors
 2.13000000 1.22975607 0.00000000
 2.13000000 -1.22975607 0.00000000
 0.00000000 0.00000000 14.20000000
%endblock LatticeVectors
NumberOfAtoms 2
AtomicCoordinatesFormat Ang
%block AtomicCoordinatesAndAtomicSpecies
 0.00000000 0.00000000 0.00000000 1 # 1: C
 1.38000000 0.00000000 0.00000000 1 # 2: C
%endblock AtomicCoordinatesAndAtomicSpecies
NumberOfSpecies 1
%block ChemicalSpeciesLabel
 1 6 C
%endblock ChemicalSpeciesLabel
MD.TypeOfRun cg
MD.Steps 2
WriteHirshfeldPop t
WriteVoronoiPop t
PartialChargesAtEveryGeometry t
#PartialChargesAtEverySCFStep t
************************** End of input data file *****************************

reinit: -----------------------------------------------------------------------
reinit: System Name: 
reinit: -----------------------------------------------------------------------
reinit: System Label: siesta
reinit: -----------------------------------------------------------------------

initatom: Reading input for the pseudopotentials and atomic orbitals ----------
Species number:   1 Atomic number:    6 Label: C

Ground state valence configuration:   2s02  2p02
Reading pseudopotential information in formatted form from C.psf

Pseudopotential generated from a relativistic atomic calculation

Valence configuration for pseudopotential generation:
2s( 2.00) rc: 1.25
2p( 2.00) rc: 1.25
3d( 0.00) rc: 1.25
4f( 0.00) rc: 1.25
For C, standard SIESTA heuristics set lmxkb to 3
 (one more than the basis l, including polarization orbitals).
Use PS.lmax or PS.KBprojectors blocks to override.

<basis_specs>
===============================================================================
C                    Z=   6    Mass=  12.010        Charge= 0.17977+309
Lmxo=1 Lmxkb= 3    BasisType=split      Semic=F
L=0  Nsemic=0  Cnfigmx=2
          i=1  nzeta=2  polorb=0  (2s)
            splnorm:   0.15000    
               vcte:    0.0000    
               rinn:    0.0000    
               qcoe:    0.0000    
               qyuk:    0.0000    
               qwid:   0.10000E-01
                rcs:    0.0000      0.0000    
            lambdas:    1.0000      1.0000    
L=1  Nsemic=0  Cnfigmx=2
          i=1  nzeta=2  polorb=1  (2p)
            splnorm:   0.15000    
               vcte:    0.0000    
               rinn:    0.0000    
               qcoe:    0.0000    
               qyuk:    0.0000    
               qwid:   0.10000E-01
                rcs:    0.0000      0.0000    
            lambdas:    1.0000      1.0000    
-------------------------------------------------------------------------------
L=0  Nkbl=1  erefs: 0.17977+309
L=1  Nkbl=1  erefs: 0.17977+309
L=2  Nkbl=1  erefs: 0.17977+309
L=3  Nkbl=1  erefs: 0.17977+309
===============================================================================
</basis_specs>

atom: Called for C                     (Z =   6)

read_vps: Pseudopotential generation method:
read_vps: ATM3.3    Troullier-Martins                       
Valence charge for ps generation:    4.00000

xc_check: Exchange-correlation functional:
xc_check: Ceperley-Alder
xc_check: WARNING: Pseudopotential generated with GGA PBE functional
V l=0 = -2*Zval/r beyond r=  1.5418
V l=1 = -2*Zval/r beyond r=  1.5418
V l=2 = -2*Zval/r beyond r=  1.5418
V l=3 = -2*Zval/r beyond r=  1.5418
All V_l potentials equal beyond r=  1.2311
This should be close to max(r_c) in ps generation
All pots = -2*Zval/r beyond r=  1.5418

VLOCAL1: 99.0% of the norm of Vloc inside     28.641 Ry
VLOCAL1: 99.9% of the norm of Vloc inside     65.273 Ry
atom: Maximum radius for 4*pi*r*r*local-pseudopot. charge    1.48507
atom: Maximum radius for r*vlocal+2*Zval:    1.27815

KBgen: Kleinman-Bylander projectors: 
GHOST: No ghost state for L =  0
   l= 0   rc=  1.747182   el= -0.993899   Ekb=  7.812358   kbcos=  0.279839
GHOST: No ghost state for L =  1
   l= 1   rc=  1.769164   el= -0.376774   Ekb= -4.768156   kbcos= -0.274458
GHOST: No ghost state for L =  2
   l= 2   rc=  1.979871   el=  0.002326   Ekb= -1.289261   kbcos= -0.004956
GHOST: No ghost state for L =  3
   l= 3   rc=  2.055542   el=  0.003420   Ekb= -0.649350   kbcos= -0.000429

KBgen: Total number of  Kleinman-Bylander projectors:   16
atom: -------------------------------------------------------------------------

atom: SANKEY-TYPE ORBITALS:
atom: Selected multiple-zeta basis: split     

SPLIT: Orbitals with angular momentum L= 0

SPLIT: Basis orbitals for state 2s

SPLIT: PAO cut-off radius determined from an
SPLIT: energy shift=  0.020000 Ry

   izeta = 1
                 lambda =    1.000000
                     rc =    4.191849
                 energy =   -0.975560
                kinetic =    0.915857
    potential(screened) =   -1.891417
       potential(ionic) =   -5.498410

   izeta = 2
                 rmatch =    3.431921
              splitnorm =    0.150000
                 energy =   -0.840243
                kinetic =    1.375148
    potential(screened) =   -2.215391
       potential(ionic) =   -6.053983

SPLIT: Orbitals with angular momentum L= 1

SPLIT: Basis orbitals for state 2p

SPLIT: PAO cut-off radius determined from an
SPLIT: energy shift=  0.020000 Ry

   izeta = 1
                 lambda =    1.000000
                     rc =    4.993604
                 energy =   -0.358260
                kinetic =    2.507442
    potential(screened) =   -2.865702
       potential(ionic) =   -6.348849

   izeta = 2
                 rmatch =    3.563077
              splitnorm =    0.150000
                 energy =   -0.203518
                kinetic =    3.776843
    potential(screened) =   -3.980361
       potential(ionic) =   -7.852926

POLgen: Perturbative polarization orbital with L=  2

POLgen: Polarization orbital for state 2p

   izeta = 1
                     rc =    4.993604
                 energy =    1.223507
                kinetic =    2.483429
    potential(screened) =   -1.259921
       potential(ionic) =   -4.159165
atom: Total number of Sankey-type orbitals: 13

atm_pop: Valence configuration (for local Pseudopot. screening):
 2s( 2.00)                                                            
 2p( 2.00)                                                            
Vna: chval, zval:    4.00000   4.00000

Vna:  Cut-off radius for the neutral-atom potential:   4.993604

atom: _________________________________________________________________________

prinput: Basis input ----------------------------------------------------------

PAO.BasisType split     

%block ChemicalSpeciesLabel
    1    6 C                       # Species index, atomic number, species label
%endblock ChemicalSpeciesLabel

%block PAO.Basis                 # Define Basis set
C                     2                    # Species label, number of l-shells
 n=2   0   2                         # n, l, Nzeta 
   4.192      3.432   
   1.000      1.000   
 n=2   1   2 P   1                   # n, l, Nzeta, Polarization, NzetaPol
   4.994      3.563   
   1.000      1.000   
%endblock PAO.Basis

prinput: ----------------------------------------------------------------------

Dumping basis to NetCDF file C.ion.nc
coor:   Atomic-coordinates input format  =     Cartesian coordinates
coor:                                          (in Angstroms)

siesta: Atomic coordinates (Bohr) and species
siesta:      0.00000   0.00000   0.00000  1        1
siesta:      2.60782   0.00000   0.00000  1        2

siesta: System type = slab      

initatomlists: Number of atoms, orbitals, and projectors:      2    26    32

siesta: ******************** Simulation parameters ****************************
siesta:
siesta: The following are some of the parameters of the simulation.
siesta: A complete list of the parameters used, including default values,
siesta: can be found in file out.fdf
siesta:
redata: Spin configuration                          = none
redata: Number of spin components                   = 1
redata: Time-Reversal Symmetry                      = T
redata: Spin spiral                                 = F
redata: Long output                                 =   F
redata: Number of Atomic Species                    =        1
redata: Charge density info will appear in .RHO file
redata: Write Mulliken Pop.                         = NO
redata: Matel table size (NRTAB)                    =     1024
redata: Mesh Cutoff                                 =   300.0000 Ry
redata: Net charge of the system                    =     0.0000 |e|
redata: Min. number of SCF Iter                     =        0
redata: Max. number of SCF Iter                     =     1000
redata: SCF convergence failure will abort job
redata: SCF mix quantity                            = Hamiltonian
redata: Mix DM or H after convergence               =   F
redata: Recompute H after scf cycle                 =   F
redata: Mix DM in first SCF step                    =   T
redata: Write Pulay info on disk                    =   F
redata: New DM Occupancy tolerance                  = 0.000000000001
redata: No kicks to SCF
redata: DM Mixing Weight for Kicks                  =     0.5000
redata: Require Harris convergence for SCF          =   F
redata: Harris energy tolerance for SCF             =     0.000100 eV
redata: Require DM convergence for SCF              =   T
redata: DM tolerance for SCF                        =     0.000100
redata: Require EDM convergence for SCF             =   F
redata: EDM tolerance for SCF                       =     0.001000 eV
redata: Require H convergence for SCF               =   T
redata: Hamiltonian tolerance for SCF               =     0.001000 eV
redata: Require (free) Energy convergence for SCF   =   F
redata: (free) Energy tolerance for SCF             =     0.000100 eV
redata: Using Saved Data (generic)                  =   F
redata: Use continuation files for DM               =   F
redata: Neglect nonoverlap interactions             =   F
redata: Method of Calculation                       = Diagonalization
redata: Electronic Temperature                      =   299.9869 K
redata: Fix the spin of the system                  =   F
redata: Max. number of TDED Iter                    =        1
redata: Number of TDED substeps                     =        3
redata: Dynamics option                             = CG coord. optimization
redata: Variable cell                               =   F
redata: Use continuation files for CG               =   F
redata: Max atomic displ per move                   =     0.1058 Ang
redata: Maximum number of optimization moves        =        2
redata: Force tolerance                             =     0.0400 eV/Ang
mix.SCF: Pulay mixing                            = Pulay
mix.SCF:    Variant                              = stable
mix.SCF:    History steps                        = 2
mix.SCF:    Linear mixing weight                 =     0.250000
mix.SCF:    Mixing weight                        =     0.250000
mix.SCF:    SVD condition                        = 0.1000E-07
redata: Save all siesta data in one NC              =   F
redata: ***********************************************************************

%block SCF.Mixers
  Pulay
%endblock SCF.Mixers

%block SCF.Mixer.Pulay
  # Mixing method
  method pulay
  variant stable

  # Mixing options
  weight 0.2500
  weight.linear 0.2500
  history 2
%endblock SCF.Mixer.Pulay

DM_history_depth set to one: no extrapolation allowed by default for geometry relaxation
Size of DM history Fstack: 1
Total number of electrons:     8.000000
Total ionic charge:     8.000000

* ProcessorY, Blocksize:    1   4


* Orbital distribution balance (max,min):     6     4


siesta: k-grid: Number of k-points =         1
siesta: k-point is Gamma-only

diag: Algorithm                                     = D&C
diag: Parallel over k                               =   F
diag: Use parallel 2D distribution                  =   T
diag: Parallel block-size                           = 4
diag: Parallel distribution                         =     2 x     3
diag: Used triangular part                          = Lower
diag: Absolute tolerance                            =  0.100E-15
diag: Orthogonalization factor                      =  0.100E-05
diag: Memory factor                                 =  1.0000


ts: **************************************************************
ts: Save H and S matrices                           =    F
ts: Save DM and EDM matrices                        =    F
ts: Only save the overlap matrix S                  =    F
ts: **************************************************************

************************ Begin: TS CHECKS AND WARNINGS ************************
************************ End: TS CHECKS AND WARNINGS **************************


                     ====================================
                        Begin CG opt. move =      0
                     ====================================

outcell: Unit cell vectors (Ang):
        2.130000    1.229756    0.000000
        2.130000   -1.229756    0.000000
        0.000000    0.000000   14.200000

outcell: Cell vector modules (Ang)   :    2.459512    2.459512   14.200000
outcell: Cell angles (23,13,12) (deg):     90.0000     90.0000     60.0000
outcell: Cell volume (Ang**3)        :     74.3904
Gamma-point calculation with interaction between periodic images
Some features might not work optimally:
e.g. DM initialization from atomic data
<dSpData1D:S at geom step 0
  <sparsity:sparsity for geom step 0
    nrows_g=26 nrows=6 sparsity=.2308 nnzs=156, refcount: 7>
  <dData1D:(new from dSpData1D) n=156, refcount: 1>
refcount: 1>
new_DM -- step:     1
Initializing Density Matrix...
DM filled with atomic data:
<dSpData2D:DM initialized from atoms
  <sparsity:sparsity for geom step 0
    nrows_g=26 nrows=6 sparsity=.2308 nnzs=156, refcount: 8>
  <dData2D:DM n=156 m=1, refcount: 1>
refcount: 1>
No. of atoms with KB's overlaping orbs in proc 0. Max # of overlaps:       2     185

InitMesh: MESH = 24 x 24 x 150 = 86400
InitMesh: Mesh cutoff (required, used) =   300.000   308.395 Ry
New grid distribution [1]: sub = 2
New grid distribution [2]: sub = 2
New grid distribution [3]: sub = 2
Setting up quadratic distribution...

stepf: Fermi-Dirac step function

siesta: Program's energy decomposition (eV):
siesta: Ebs     =       -92.292052
siesta: Eions   =       632.268963
siesta: Ena     =       207.047102
siesta: Ekin    =       254.584249
siesta: Enl     =       -19.302627
siesta: Eso     =         0.000000
siesta: Edftu   =         0.000000
siesta: DEna    =       -17.281444
siesta: DUscf   =         2.083020
siesta: DUext   =         0.000000
siesta: Exc     =       -96.330306
siesta: eta*DQ  =         0.000000
siesta: Emadel  =         0.000000
siesta: Emeta   =         0.000000
siesta: Emolmec =         0.000000
siesta: Ekinion =         0.000000
siesta: Eharris =      -293.983626
siesta: Etot    =      -301.468969
siesta: FreeEng =      -301.468969

        iscf     Eharris(eV)        E_KS(eV)     FreeEng(eV)     dDmax    Ef(eV) dHmax(eV)
   scf:    1     -293.983626     -301.468969     -301.468969  1.343887  1.967908  1.357087
timer: Routine,Calls,Time,% = IterSCF        1       0.356  22.71
   scf:    2     -301.511456     -301.490619     -301.490619  0.011681  2.207748  0.864198
   scf:    3     -301.526378     -301.509814     -301.509814  0.022704  2.592435  0.130933
   scf:    4     -301.510463     -301.510140     -301.510140  0.001437  2.576766  0.101403
   scf:    5     -301.511206     -301.510694     -301.510694  0.005029  2.526216  0.007198
   scf:    6     -301.510703     -301.510699     -301.510699  0.000308  2.525100  0.003847
   scf:    7     -301.510702     -301.510700     -301.510700  0.000317  2.524043  0.000854
   scf:    8     -301.510700     -301.510700     -301.510700  0.000010  2.524094  0.000651

SCF Convergence by DM+H criterion
max |DM_out - DM_in|         :     0.0000096198
max |H_out - H_in|      (eV) :     0.0006514903
SCF cycle converged after 8 iterations

Using DM_out to compute the final energy and forces
No. of atoms with KB's overlaping orbs in proc 0. Max # of overlaps:       2     185

Hirshfeld Atomic Populations:
Atom #     dQatom  Atom pop  Species
     1   -0.00007   4.00007  C
     2    0.00005   3.99995  C

Voronoi Atomic Populations:
Atom #     dQatom  Atom pop  Species
     1   -0.02935   4.02935  C
     2    0.02934   3.97066  C
 

siesta: E_KS(eV) =             -301.5107

siesta: E_KS - E_eggbox =      -301.5107

siesta: Atomic forces (eV/Ang):
----------------------------------------
   Tot    0.030036   -0.000000    0.000000
----------------------------------------
   Max    5.190797
   Res    2.988250    sqrt( Sum f_i^2 / 3N )
----------------------------------------
   Max    5.190797    constrained

Stress tensor Voigt[x,y,z,yz,xz,xy] (kbar):     -138.98      -62.70        0.07       -0.00       -0.00        0.00
(Free)E + p*V (eV/cell)     -298.3906
Target enthalpy (eV/cell)     -301.5107

                     ====================================
                        Begin CG opt. move =      1
                     ====================================

outcell: Unit cell vectors (Ang):
        2.130000    1.229756    0.000000
        2.130000   -1.229756    0.000000
        0.000000    0.000000   14.200000

outcell: Cell vector modules (Ang)   :    2.459512    2.459512   14.200000
outcell: Cell angles (23,13,12) (deg):     90.0000     90.0000     60.0000
outcell: Cell volume (Ang**3)        :     74.3904
Gamma-point calculation with interaction between periodic images
Some features might not work optimally:
e.g. DM initialization from atomic data
<dSpData1D:S at geom step 1
  <sparsity:sparsity for geom step 1
    nrows_g=26 nrows=6 sparsity=.2308 nnzs=156, refcount: 7>
  <dData1D:(new from dSpData1D) n=156, refcount: 1>
refcount: 1>
new_DM -- step:     2
Re-using DM from previous geometries...
Number of DMs in history: 1
 DM extrapolation coefficients: 
1   1.00000
New DM after history re-use:
<dSpData2D:SpM extrapolated using coords
  <sparsity:sparsity for geom step 1
    nrows_g=26 nrows=6 sparsity=.2308 nnzs=156, refcount: 9>
  <dData2D:(temp array for extrapolation) n=156 m=1, refcount: 1>
refcount: 1>
Note: For starting DM, Qtot, Tr[D*S] =          8.00000000          7.98465308
No. of atoms with KB's overlaping orbs in proc 0. Max # of overlaps:       2     185

InitMesh: MESH = 24 x 24 x 150 = 86400
InitMesh: Mesh cutoff (required, used) =   300.000   308.395 Ry
New grid distribution [1]: sub = 2
New grid distribution [2]: sub = 2
New grid distribution [3]: sub = 2
Setting up quadratic distribution...

        iscf     Eharris(eV)        E_KS(eV)     FreeEng(eV)     dDmax    Ef(eV) dHmax(eV)
   scf:    1     -300.084335     -300.902866     -300.902866  0.067982 -1.708579  0.441974
   scf:    2     -300.924864     -300.916327     -300.916327  0.030021 -1.732482  0.122477
   scf:    3     -300.918191     -300.917371     -300.917371  0.006470 -1.724426  0.009697
   scf:    4     -300.917374     -300.917373     -300.917373  0.000085 -1.723183  0.006970
   scf:    5     -300.917376     -300.917374     -300.917374  0.000213 -1.720070  0.000510
   scf:    6     -300.917374     -300.917374     -300.917374  0.000004 -1.720068  0.000346

SCF Convergence by DM+H criterion
max |DM_out - DM_in|         :     0.0000039607
max |H_out - H_in|      (eV) :     0.0003459994
SCF cycle converged after 6 iterations

Using DM_out to compute the final energy and forces
No. of atoms with KB's overlaping orbs in proc 0. Max # of overlaps:       2     185

Hirshfeld Atomic Populations:
Atom #     dQatom  Atom pop  Species
     1   -0.00001   4.00001  C
     2   -0.00001   4.00001  C

Voronoi Atomic Populations:
Atom #     dQatom  Atom pop  Species
     1   -0.01198   4.01198  C
     2    0.01196   3.98804  C
 

siesta: E_KS(eV) =             -300.9174

siesta: Atomic forces (eV/Ang):
----------------------------------------
   Tot    0.115347   -0.000000    0.000000
----------------------------------------
   Max   12.338999
   Res    7.090705    sqrt( Sum f_i^2 / 3N )
----------------------------------------
   Max   12.338999    constrained

Stress tensor Voigt[x,y,z,yz,xz,xy] (kbar):       -9.62     -227.39       -0.05       -0.00        0.00        0.00
(Free)E + p*V (eV/cell)     -297.2485
Target enthalpy (eV/cell)     -300.9174

                     ====================================
                        Begin CG opt. move =      2
                     ====================================

outcell: Unit cell vectors (Ang):
        2.130000    1.229756    0.000000
        2.130000   -1.229756    0.000000
        0.000000    0.000000   14.200000

outcell: Cell vector modules (Ang)   :    2.459512    2.459512   14.200000
outcell: Cell angles (23,13,12) (deg):     90.0000     90.0000     60.0000
outcell: Cell volume (Ang**3)        :     74.3904
Gamma-point calculation with interaction between periodic images
Some features might not work optimally:
e.g. DM initialization from atomic data
<dSpData1D:S at geom step 2
  <sparsity:sparsity for geom step 2
    nrows_g=26 nrows=6 sparsity=.2308 nnzs=156, refcount: 7>
  <dData1D:(new from dSpData1D) n=156, refcount: 1>
refcount: 1>
new_DM -- step:     3
Re-using DM from previous geometries...
Number of DMs in history: 1
 DM extrapolation coefficients: 
1   1.00000
New DM after history re-use:
<dSpData2D:SpM extrapolated using coords
  <sparsity:sparsity for geom step 2
    nrows_g=26 nrows=6 sparsity=.2308 nnzs=156, refcount: 9>
  <dData2D:(temp array for extrapolation) n=156 m=1, refcount: 1>
refcount: 1>
Note: For starting DM, Qtot, Tr[D*S] =          8.00000000          8.03153597
No. of atoms with KB's overlaping orbs in proc 0. Max # of overlaps:       2     169

InitMesh: MESH = 24 x 24 x 150 = 86400
InitMesh: Mesh cutoff (required, used) =   300.000   308.395 Ry
New grid distribution [1]: sub = 2
New grid distribution [2]: sub = 2
New grid distribution [3]: sub = 2
Setting up quadratic distribution...

        iscf     Eharris(eV)        E_KS(eV)     FreeEng(eV)     dDmax    Ef(eV) dHmax(eV)
   scf:    1     -301.823064     -301.604294     -301.604294  0.049382  2.560336  0.334611
   scf:    2     -301.615804     -301.611376     -301.611376  0.018475  2.484532  0.094347
   scf:    3     -301.612378     -301.611938     -301.611938  0.003885  2.503831  0.008805
   scf:    4     -301.611940     -301.611939     -301.611939  0.000048  2.505046  0.006186
   scf:    5     -301.611941     -301.611940     -301.611940  0.000127  2.507619  0.000997
   scf:    6     -301.611940     -301.611940     -301.611940  0.000019  2.507638  0.000701

SCF Convergence by DM+H criterion
max |DM_out - DM_in|         :     0.0000193355
max |H_out - H_in|      (eV) :     0.0007008884
SCF cycle converged after 6 iterations

Using DM_out to compute the final energy and forces
No. of atoms with KB's overlaping orbs in proc 0. Max # of overlaps:       2     169

Hirshfeld Atomic Populations:
Atom #     dQatom  Atom pop  Species
     1   -0.00000   4.00000  C
     2   -0.00002   4.00002  C

Voronoi Atomic Populations:
Atom #     dQatom  Atom pop  Species
     1   -0.00598   4.00598  C
     2    0.00596   3.99404  C
 

siesta: E_KS(eV) =             -301.6119

siesta: Atomic forces (eV/Ang):
----------------------------------------
   Tot    0.088503    0.000000    0.000000
----------------------------------------
   Max    0.598113
   Res    0.320791    sqrt( Sum f_i^2 / 3N )
----------------------------------------
   Max    0.598113    constrained

Stress tensor Voigt[x,y,z,yz,xz,xy] (kbar):      -96.58     -102.04       -0.00        0.00        0.00        0.00
(Free)E + p*V (eV/cell)     -298.5379
Target enthalpy (eV/cell)     -301.6119

cgvc: Finished line minimization    1.  Mean atomic displacement =    0.0419

outcoor: Final (unrelaxed) atomic coordinates (Ang):        
   -0.02212394   -0.00000000    0.00000000   1       1  C
    1.40225270   -0.00000000   -0.00000000   1       2  C

siesta: Program's energy decomposition (eV):
siesta: Ebs     =       -95.845628
siesta: Eions   =       632.268963
siesta: Ena     =       207.040661
siesta: Ekin    =       252.306067
siesta: Enl     =       -19.250039
siesta: Eso     =         0.000000
siesta: Edftu   =         0.000000
siesta: DEna    =       -15.484312
siesta: DUscf   =         1.895729
siesta: DUext   =         0.000000
siesta: Exc     =       -95.851083
siesta: eta*DQ  =         0.000000
siesta: Emadel  =         0.000000
siesta: Emeta   =         0.000000
siesta: Emolmec =         0.000000
siesta: Ekinion =         0.000000
siesta: Eharris =      -301.611940
siesta: Etot    =      -301.611940
siesta: FreeEng =      -301.611940

siesta: Final energy (eV):
siesta:  Band Struct. =     -95.845628
siesta:       Kinetic =     252.306067
siesta:       Hartree =    1026.358684
siesta:       Edftu   =       0.000000
siesta:       Eso     =       0.000000
siesta:    Ext. field =       0.000000
siesta:   Exch.-corr. =     -95.851083
siesta:  Ion-electron =   -2275.523329
siesta:       Ion-ion =     791.097721
siesta:       Ekinion =       0.000000
siesta:         Total =    -301.611940
siesta:         Fermi =       2.507638

siesta: Atomic forces (eV/Ang):
siesta:      1    0.598113   -0.000000    0.000000
siesta:      2   -0.509610    0.000000   -0.000000
siesta: ----------------------------------------
siesta:    Tot    0.088503    0.000000    0.000000

siesta: Stress tensor (static) (eV/Ang**3):
siesta:    -0.060282    0.000000    0.000000
siesta:     0.000000   -0.063687    0.000000
siesta:     0.000000    0.000000   -0.000002

siesta: Cell volume =         74.390404 Ang**3

siesta: Pressure (static):
siesta:                Solid            Molecule  Units
siesta:           0.00045007          0.00048857  Ry/Bohr**3
siesta:           0.04132357          0.04485856  eV/Ang**3
siesta:          66.20837083         71.87210825  kBar
(Free)E+ p_basis*V_orbitals  =        -300.979127
(Free)Eharris+ p_basis*V_orbitals  =        -300.979127

siesta: Electric dipole (a.u.)  =    0.000000    0.000000   -0.000000
siesta: Electric dipole (Debye) =    0.000000    0.000000   -0.000000

cite: Please see "siesta.bib" for an exhaustive BiBTeX file.
cite: This calculation has made use of the following articles.
cite: Articles are encouraged to be cited in a published work.
        Primary SIESTA paper
          DOI: www.doi.org/10.1088/0953-8984/14/11/302


>> End of run:  18-FEB-2021  10:28:58
Job completed
