 running on   12 total cores
 distrk:  each k-point on   12 cores,    1 groups
 distr:  one band on    1 cores,   12 groups
 using from now: INCAR     
 vasp.5.4.4.18Apr17-6-g9f103f2a35 (build Feb 29 2024 08:54:14) complex          
  
 POSCAR found type information on POSCAR  N  O 
 POSCAR found :  2 types and       2 ions
 scaLAPACK will be used

 ----------------------------------------------------------------------------- 
|                                                                             |
|           W    W    AA    RRRRR   N    N  II  N    N   GGGG   !!!           |
|           W    W   A  A   R    R  NN   N  II  NN   N  G    G  !!!           |
|           W    W  A    A  R    R  N N  N  II  N N  N  G       !!!           |
|           W WW W  AAAAAA  RRRRR   N  N N  II  N  N N  G  GGG   !            |
|           WW  WW  A    A  R   R   N   NN  II  N   NN  G    G                |
|           W    W  A    A  R    R  N    N  II  N    N   GGGG   !!!           |
|                                                                             |
|      For optimal performance we recommend to set                            |
|        NCORE= 4 - approx SQRT( number of cores)                             |
|      NCORE specifies how many cores store one orbital (NPAR=cpu/NCORE).     |
|      This setting can  greatly improve the performance of VASP for DFT.     |
|      The default,   NCORE=1            might be grossly inefficient         |
|      on modern multi-core architectures or massively parallel machines.     |
|      Do your own testing !!!!                                               |
|      Unfortunately you need to use the default for GW and RPA calculations. |
|      (for HF NCORE is supported but not extensively tested yet)             |
|                                                                             |
 ----------------------------------------------------------------------------- 


 ----------------------------------------------------------------------------- 
|                                                                             |
|  ADVICE TO THIS USER RUNNING 'VASP/VAMP'   (HEAR YOUR MASTER'S VOICE ...):  |
|                                                                             |
|      You have a (more or less) 'small supercell' and for smaller cells      |
|      it is recommended  to use the reciprocal-space projection scheme!      |
|      The real space optimization is not  efficient for small cells and it   |
|      is also less accurate ...                                              |
|      Therefore set LREAL=.FALSE. in the  INCAR file                         |
|                                                                             |
 ----------------------------------------------------------------------------- 

 LDA part: xc-table for Pade appr. of Perdew
 POSCAR, INCAR and KPOINTS ok, starting setup
 FFT: planning ...
 WAVECAR not read
 WARNING: random wavefunctions but no delay for mixing, default for NELMDL
 entering main loop
       N       E                     dE             d eps       ncg     rms          rms(c)
DAV:   1     0.298083315499E+02    0.29808E+02   -0.64993E+03    48   0.873E+02
DAV:   2    -0.112465139296E+02   -0.41055E+02   -0.41055E+02    84   0.175E+02
DAV:   3    -0.114758936261E+02   -0.22938E+00   -0.22938E+00    48   0.165E+01
DAV:   4    -0.114764088792E+02   -0.51525E-03   -0.51525E-03    84   0.785E-01
DAV:   5    -0.114764089025E+02   -0.23278E-07   -0.23216E-07    48   0.458E-03    0.757E+00
RMM:   6    -0.116360312541E+02   -0.15962E+00   -0.10246E+00    48   0.888E+00    0.325E+00
RMM:   7    -0.116631144463E+02   -0.27083E-01   -0.10768E-01    48   0.311E+00    0.158E+00
RMM:   8    -0.116422591871E+02    0.20855E-01   -0.37554E-02    48   0.156E+00    0.578E-01
RMM:   9    -0.116427143108E+02   -0.45512E-03   -0.34111E-03    48   0.514E-01    0.208E-01
RMM:  10    -0.116427872469E+02   -0.72936E-04   -0.71397E-04    48   0.259E-01    0.778E-02
RMM:  11    -0.116428404585E+02   -0.53212E-04   -0.14084E-04    48   0.117E-01    0.186E-02
RMM:  12    -0.116428494499E+02   -0.89914E-05   -0.97645E-06    48   0.287E-02    0.870E-03
RMM:  13    -0.116428526840E+02   -0.32342E-05   -0.40489E-06    45   0.181E-02    0.357E-03
RMM:  14    -0.116428535047E+02   -0.82062E-06   -0.48051E-07    34   0.797E-03
   1 F= -.11642854E+02 E0= -.11643820E+02  d E =-.116429E+02  mag=     1.0000
 curvature:   0.00 expect dE= 0.000E+00 dE for cont linesearch  0.000E+00
 trial: gam= 0.00000 g(F)=  0.259E-01 g(S)=  0.000E+00 ort = 0.000E+00 (trialstep = 0.100E+01)
 search vector abs. value=  0.259E-01
 bond charge predicted
       N       E                     dE             d eps       ncg     rms          rms(c)
DAV:   1    -0.115566589418E+02    0.86194E-01   -0.73626E+00    48   0.222E+01    0.828E-01
RMM:   2    -0.115526189284E+02    0.40400E-02   -0.71575E-02    48   0.293E+00    0.486E-01
RMM:   3    -0.115500793546E+02    0.25396E-02   -0.55968E-03    48   0.687E-01    0.216E-01
RMM:   4    -0.115493965711E+02    0.68278E-03   -0.18001E-03    48   0.362E-01    0.662E-02
RMM:   5    -0.115493626735E+02    0.33898E-04   -0.86058E-05    48   0.843E-02    0.381E-02
RMM:   6    -0.115493643733E+02   -0.16999E-05   -0.23888E-05    48   0.490E-02    0.991E-03
RMM:   7    -0.115493646120E+02   -0.23872E-06   -0.54587E-06    48   0.215E-02
   2 F= -.11549365E+02 E0= -.11550331E+02  d E =0.934889E-01  mag=     1.0000
 trial-energy change:    0.093489  1 .order    0.102139   -0.025919    0.230197
 step:   0.1231(harm=  0.1012)  dis= 0.00308  next Energy=   -11.644465 (dE=-0.161E-02)
 bond charge predicted
       N       E                     dE             d eps       ncg     rms          rms(c)
DAV:   1    -0.116520744784E+02   -0.10271E+00   -0.56935E+00    48   0.195E+01    0.753E-01
RMM:   2    -0.116468898015E+02    0.51847E-02   -0.43144E-02    48   0.235E+00    0.436E-01
RMM:   3    -0.116451241166E+02    0.17657E-02   -0.41875E-03    48   0.579E-01    0.201E-01
RMM:   4    -0.116444708899E+02    0.65323E-03   -0.12449E-03    48   0.298E-01    0.647E-02
RMM:   5    -0.116444486855E+02    0.22204E-04   -0.69699E-05    48   0.869E-02    0.364E-02
RMM:   6    -0.116444532946E+02   -0.46092E-05   -0.21562E-05    48   0.490E-02    0.957E-03
RMM:   7    -0.116444531970E+02    0.97645E-07   -0.35733E-06    45   0.179E-02
   3 F= -.11644453E+02 E0= -.11645420E+02  d E =-.159969E-02  mag=     1.0000
 curvature:  -0.05 expect dE=-0.724E-07 dE for cont linesearch -0.724E-07
 trial: gam= 0.00000 g(F)=  0.143E-05 g(S)=  0.000E+00 ort =-0.193E-03 (trialstep = 0.825E+00)
 search vector abs. value=  0.143E-05
 reached required accuracy - stopping structural energy minimisation
